// Jest Snapshot v1, https://goo.gl/fbAQLP

exports[`bucketlist items row snapshot matches snapshot 1`] = `
<tr>
  <td />
  <td />
  <td />
  <td>
    <div
      className="pull-right"
    >
      <form
        className="form-inline"
      >
        <input
          name="name"
          required={true}
          type="hidden"
          value={0}
        />
        <button
          className="btn btn-xs"
          onClick={[Function]}
          type="submit"
        >
          <i
            className="glyphicon glyphicon-edit"
          />
        </button>
        <button
          className="btn btn-xs"
          onClick={[Function]}
          type="submit"
        >
          <i
            className="glyphicon glyphicon-trash"
          />
        </button>
      </form>
    </div>
  </td>
</tr>
`;
